// Jest Snapshot v1, https://goo.gl/fbAQLP

exports[`fails gracefully 1`] = `
<Fragment>
  <BreadcrumbSchema
    breadcrumb={null}
    siteTitle="untitled"
    slug="/"
  />
</Fragment>
`;

exports[`renders correctly 1`] = `
<Fragment>
  <BreadcrumbSchema
    breadcrumb={
      Array [
        Object {
          "path": "manage-data",
          "plaintext": "Interact with Your Data",
          "title": Array [
            Object {
              "position": Object {
                "start": Object {
                  "line": 2,
                },
              },
              "type": "text",
              "value": "Interact with Your Data",
            },
          ],
        },
        Object {
          "path": "documents",
          "plaintext": "Manage Documents",
          "title": Array [
            Object {
              "position": Object {
                "start": Object {
                  "line": 4,
                },
              },
              "type": "text",
              "value": "Manage Documents",
            },
          ],
        },
      ]
    }
    siteTitle="MongoDB Compass"
    slug="documents/view"
  />
  <BreadcrumbContainer>
    <p>
      <StyledLink
        onClick={[Function]}
        to="manage-data"
      >
        <ComponentFactory
          key="0"
          nodeData={
            Object {
              "position": Object {
                "start": Object {
                  "line": 2,
                },
              },
              "type": "text",
              "value": "Interact with Your Data",
            }
          }
        />
      </StyledLink>
       &gt; 
      <StyledLink
        onClick={[Function]}
        to="documents"
      >
        <ComponentFactory
          key="0"
          nodeData={
            Object {
              "position": Object {
                "start": Object {
                  "line": 4,
                },
              },
              "type": "text",
              "value": "Manage Documents",
            }
          }
        />
      </StyledLink>
    </p>
  </BreadcrumbContainer>
</Fragment>
`;
