// Jest Snapshot v1, https://goo.gl/fbAQLP

exports[`renders correctly 1`] = `
<StyledLink
  id="ref-1-id1"
  to="#footnote-1"
>
  [
  1
  ]
</StyledLink>
`;
